// Jest Snapshot v1, https://goo.gl/fbAQLP

exports[`<P /> should render and match the snapshot 1`] = `
.c0 {
  font-size: 20px;
  line-height: 1.5;
  color: rgba(58,52,51,0.7);
  margin: 12px 0 16px 0;
}

<p
  class="c0"
/>
`;
