// Jest Snapshot v1, https://goo.gl/fbAQLP

exports[`<Subtitle /> should render and match the snapshot 1`] = `
.c0 {
  margin: 0;
  color: rgba(58,52,51,1);
  font-size: 3.8px;
}

<h3
  class="c0"
/>
`;
