// Jest Snapshot v1, https://goo.gl/fbAQLP

exports[`<Masthead /> should render and match the snapshot 1`] = `
<Masthead__Wrapper>
  <Logos />
  <Title>
    React Boilerplate meets CRA
  </Title>
  <Button
    activeStyle={Object {}}
    disabled={false}
    inline={false}
    loading={false}
    prefixCls="am-button"
    size="large"
    type="primary"
  >
    Start
  </Button>
  <Lead>
    Now you can use the
     
    <A
      href="https://www.reactboilerplate.com/"
      rel="noopener noreferrer"
      target="_blank"
    >
      React Boilerplate
    </A>
     
    as a
     
    <A
      href="https://github.com/facebook/create-react-app"
      rel="noopener noreferrer"
      target="_blank"
    >
      Create React App
    </A>
     
    template.
  </Lead>
</Masthead__Wrapper>
`;
