// Jest Snapshot v1, https://goo.gl/fbAQLP

exports[`<Logo /> should match snapshot 1`] = `
.c0 {
  display: -webkit-box;
  display: -webkit-flex;
  display: -ms-flexbox;
  display: flex;
  -webkit-align-items: center;
  -webkit-box-align: center;
  -ms-flex-align: center;
  align-items: center;
  max-width: 260px;
}

.c1 {
  font-size: 28px;
  font-weight: bold;
  margin-right: 12px;
}

<div
  class="c0"
>
  <div
    class="c1"
  >
    react-boilerplate-typescript-mobile
  </div>
</div>
`;
